// Jest Snapshot v1, https://goo.gl/fbAQLP

exports[`<MainTemp /> matches snapshot 1`] = `
<div>
  <div
    class="makeStyles-root-1"
  >
    <p
      class="MuiTypography-root makeStyles-headerB-2 MuiTypography-body1"
    >
      12
      Â°
    </p>
    <div
      class="makeStyles-info-3"
    >
      <div
        class="MuiBox-root MuiBox-root-6 makeStyles-icon-5"
      />
      <p
        class="MuiTypography-root makeStyles-aside-4 MuiTypography-body1"
      />
    </div>
  </div>
</div>
`;
