// Jest Snapshot v1, https://goo.gl/fbAQLP

exports[`<StickyBG /> matches snapshot 1`] = `
<div>
  <div
    class="MuiBox-root MuiBox-root-3 makeStyles-container-2"
  >
    <div
      class="MuiBox-root MuiBox-root-4 makeStyles-background-1"
      settimeout="10000"
      style="opacity: 1; webkit-transition: opacity 225ms cubic-bezier(0.4, 0, 0.2, 1) 0ms; transition: opacity 225ms cubic-bezier(0.4, 0, 0.2, 1) 0ms;"
    />
  </div>
</div>
`;
